C:\Users\Szkolenie\Documents\GitHub\Robot-Comau\Temp\Includes\AS_TempDecl\Config1\GlobalComponents\MpVisionComponents.var
C:\Users\Szkolenie\Documents\GitHub\Robot-Comau\Temp\Includes\AS_TempDecl\Config1\GlobalComponents\MpComponents.var
C:\Users\Szkolenie\Documents\GitHub\Robot-Comau\Logical\Global.typ
C:\Users\Szkolenie\Documents\GitHub\Robot-Comau\Logical\Global.var
C:\Users\Szkolenie\Documents\GitHub\Robot-Comau\Logical\Libraries\operator\operator.fun
C:\Users\Szkolenie\Documents\GitHub\Robot-Comau\Logical\Libraries\operator\operator.typ
C:\Users\Szkolenie\Documents\GitHub\Robot-Comau\Logical\Libraries\operator\operator.var
C:\Users\Szkolenie\Documents\GitHub\Robot-Comau\Logical\Libraries\runtime\runtime.fun
C:\Users\Szkolenie\Documents\GitHub\Robot-Comau\Logical\Libraries\runtime\runtime.typ
C:\Users\Szkolenie\Documents\GitHub\Robot-Comau\Logical\Libraries\runtime\runtime.var
C:\Users\Szkolenie\Documents\GitHub\Robot-Comau\Logical\Libraries\astime\astime.fun
C:\Users\Szkolenie\Documents\GitHub\Robot-Comau\Logical\Libraries\astime\astime.typ
C:\Users\Szkolenie\Documents\GitHub\Robot-Comau\Logical\Libraries\astime\astime.var
C:\Users\Szkolenie\Documents\GitHub\Robot-Comau\Logical\Libraries\AsIecCon\AsIecCon.fun
C:\Users\Szkolenie\Documents\GitHub\Robot-Comau\Logical\Libraries\AsIecCon\AsIecCon.typ
C:\Users\Szkolenie\Documents\GitHub\Robot-Comau\Logical\Libraries\AsIecCon\AsIecCon.var
C:\Users\Szkolenie\Documents\GitHub\Robot-Comau\Logical\Libraries\McBase\McBase.typ
C:\Users\Szkolenie\Documents\GitHub\Robot-Comau\Logical\Libraries\McBase\McBase.fun
C:\Users\Szkolenie\Documents\GitHub\Robot-Comau\Logical\Libraries\McBase\McBase.var
C:\Users\Szkolenie\Documents\GitHub\Robot-Comau\Logical\Libraries\McBase\McBaseCfg.typ
C:\Users\Szkolenie\Documents\GitHub\Robot-Comau\Logical\Libraries\ViBase\ViBase.fun
C:\Users\Szkolenie\Documents\GitHub\Robot-Comau\Logical\Libraries\ViBase\ViBase.typ
C:\Users\Szkolenie\Documents\GitHub\Robot-Comau\Logical\Libraries\ViBase\ViBase.var
C:\Users\Szkolenie\Documents\GitHub\Robot-Comau\Logical\Libraries\AsZip\AsZip.fun
C:\Users\Szkolenie\Documents\GitHub\Robot-Comau\Logical\Libraries\AsZip\AsZip.typ
C:\Users\Szkolenie\Documents\GitHub\Robot-Comau\Logical\Libraries\AsZip\AsZip.var
C:\Users\Szkolenie\Documents\GitHub\Robot-Comau\Logical\Libraries\FileIO\FileIO.fun
C:\Users\Szkolenie\Documents\GitHub\Robot-Comau\Logical\Libraries\FileIO\FileIO.typ
C:\Users\Szkolenie\Documents\GitHub\Robot-Comau\Logical\Libraries\FileIO\FileIO.var
C:\Users\Szkolenie\Documents\GitHub\Robot-Comau\Logical\Libraries\AsARCfg\AsARCfg.fun
C:\Users\Szkolenie\Documents\GitHub\Robot-Comau\Logical\Libraries\AsARCfg\AsARCfg.typ
C:\Users\Szkolenie\Documents\GitHub\Robot-Comau\Logical\Libraries\AsARCfg\AsARCfg.var
C:\Users\Szkolenie\Documents\GitHub\Robot-Comau\Logical\Libraries\powerlnk\powerlnk.fun
C:\Users\Szkolenie\Documents\GitHub\Robot-Comau\Logical\Libraries\powerlnk\powerlnk.typ
C:\Users\Szkolenie\Documents\GitHub\Robot-Comau\Logical\Libraries\powerlnk\powerlnk.var
C:\Users\Szkolenie\Documents\GitHub\Robot-Comau\Logical\Libraries\AsEPL\AsEPL.fun
C:\Users\Szkolenie\Documents\GitHub\Robot-Comau\Logical\Libraries\AsEPL\AsEPL.typ
C:\Users\Szkolenie\Documents\GitHub\Robot-Comau\Logical\Libraries\AsEPL\AsEPL.var
C:\Users\Szkolenie\Documents\GitHub\Robot-Comau\Logical\Libraries\AsIO\AsIO.fun
C:\Users\Szkolenie\Documents\GitHub\Robot-Comau\Logical\Libraries\AsIO\AsIO.typ
C:\Users\Szkolenie\Documents\GitHub\Robot-Comau\Logical\Libraries\AsIO\AsIO.var
C:\Users\Szkolenie\Documents\GitHub\Robot-Comau\Logical\Libraries\sys_lib\sys_lib.fun
C:\Users\Szkolenie\Documents\GitHub\Robot-Comau\Logical\Libraries\sys_lib\sys_lib.typ
C:\Users\Szkolenie\Documents\GitHub\Robot-Comau\Logical\Libraries\sys_lib\sys_lib.var
C:\Users\Szkolenie\Documents\GitHub\Robot-Comau\Logical\Libraries\MpServer\Constants.var
C:\Users\Szkolenie\Documents\GitHub\Robot-Comau\Logical\Libraries\MpServer\Types.typ
C:\Users\Szkolenie\Documents\GitHub\Robot-Comau\Logical\Libraries\MpServer\MpServer.fun
C:\Users\Szkolenie\Documents\GitHub\Robot-Comau\Logical\Libraries\MpAlarmX\MpAlarmX.typ
C:\Users\Szkolenie\Documents\GitHub\Robot-Comau\Logical\Libraries\MpAlarmX\MpAlarmXError.typ
C:\Users\Szkolenie\Documents\GitHub\Robot-Comau\Logical\Libraries\MpAlarmX\MpAlarmX.fun
C:\Users\Szkolenie\Documents\GitHub\Robot-Comau\Logical\Libraries\MpBase\MpBase.var
C:\Users\Szkolenie\Documents\GitHub\Robot-Comau\Logical\Libraries\MpBase\MpBase.typ
C:\Users\Szkolenie\Documents\GitHub\Robot-Comau\Logical\Libraries\MpBase\MpBase.fun
C:\Users\Szkolenie\Documents\GitHub\Robot-Comau\Logical\Libraries\ArUser\ArUser.fun
C:\Users\Szkolenie\Documents\GitHub\Robot-Comau\Logical\Libraries\ArUser\ArUser.typ
C:\Users\Szkolenie\Documents\GitHub\Robot-Comau\Logical\Libraries\ArUser\ArUser.var
C:\Users\Szkolenie\Documents\GitHub\Robot-Comau\Logical\Libraries\MpUserX\MpUserX.typ
C:\Users\Szkolenie\Documents\GitHub\Robot-Comau\Logical\Libraries\MpUserX\MpUserXError.typ
C:\Users\Szkolenie\Documents\GitHub\Robot-Comau\Logical\Libraries\MpUserX\MpUserXAlarm.typ
C:\Users\Szkolenie\Documents\GitHub\Robot-Comau\Logical\Libraries\MpUserX\MpUserX.fun
